Lab - Entering Commands

==========

Follow the instructions line-by-line.  



* Type in the commands as is, but ignore the beginning prompt.  

* Enter, tab, up and down are represented by <ENTER><TAB>,<UP> and <DOWN>.  

* "No output" or "nothing happens" are valid answers to any of the questions.

==========




==========

1. Open Terminal.  Type:



$ ls<ENTER>



Copy and paste the output of ls below.

----------
Adlm		Desktop		Library		Music		Things		xgen
Adobe		Documents	MPLABXProjects	Pictures	isus
Applications	Downloads	Movies		Public		pymel.log








==========

2a. Type: 



$ ls D<TAB>



What happens?  Describe it below.

----------
nothing happens




==========

2b. Press <TAB> one more time.  Copy and paste the output below.

----------
Desktop/   Documents/ Downloads/ 








==========

2c. Now press <ENTER>. Copy and paste the output below.

----------
ls: D: No such file or directory







==========

3.  Type:



$ ls -l Documents<ENTER>



Copy and paste the first *two lines* of output below.

----------
total 8
drwxr-xr-x   5 student  staff  170 Aug 22 14:47 Ableton








==========

4.  Type:



$ ls -a Documents



Copy and paste the first *two lines* of output below.

----------
.			Ableton			MATLAB			REAPER Media
..			Adobe			Max 7			Smaart v8




==========

5.  Type:



<UP><ENTER>



What command was repeated?

----------
yes, yes it was







==========

6.  Type:



<UP><UP><UP><DOWN><ENTER>



What command was repeated?

----------
yes, yes it was







==========

7.  Type:



$ ls /Vol<TAB><ENTER>



What is the result of pressing tab?

----------
Macintosh HD







==========

8.  Type:



$ ls doesnotexist



Copy and paste the output below.

----------
ls: doesnotexist: No such file or directory




==========

9.  What key do I press to go to the previous command?

----------
<UP>



==========

10.  Name two flags that we used in this exercise.

----------
-a and -l




==========

11.  What key do I use to attempt to autocomplete a command or a file name?

----------
<TAB>




==========

12.  What was the main command that we used throughout this exercise?

----------
<ENTER>







==========

13.  Name one argument that we passed to the command.

----------







==========

14.  Type:



$ foo<ENTER>



Copy and paste the output below.

----------
-bash: foo: command not found







==========

15.  Type:



<UP><ENTER>



Copy and paste the output below.

----------
-bash: foo: command not found




==========

16.  In the following line....



$ ls -a Desktop



What is the command, flag, argument, and prompt?

----------
Command is ls
flag is -a 
argument is Desktop
$ is prompt
